// Jest Snapshot v1, https://goo.gl/fbAQLP

exports[`renders <LoansTabs/> with no data 1`] = `
<div
  className="MuiBox-root css-0"
>
  There's nothing to show here
</div>
`;
