// Jest Snapshot v1, https://goo.gl/fbAQLP

exports[`renders <App/> 1`] = `
Array [
  <header
    className="MuiPaper-root MuiPaper-elevation MuiPaper-elevation4 MuiAppBar-root MuiAppBar-colorSecondary MuiAppBar-positionStatic css-1t9bchn-MuiPaper-root-MuiAppBar-root"
  >
    <div
      className="MuiToolbar-root MuiToolbar-gutters MuiToolbar-regular css-158p51c-MuiToolbar-root"
    >
      <div
        className="MuiGrid-root MuiGrid-container css-1xzqqmo-MuiGrid-root"
      >
        <div
          className="MuiGrid-root MuiGrid-item css-13i4rnv-MuiGrid-root"
        >
          <button
            aria-label="menu"
            className="MuiButtonBase-root MuiIconButton-root MuiIconButton-colorInherit MuiIconButton-edgeStart MuiIconButton-sizeLarge css-184mzhy-MuiButtonBase-root-MuiIconButton-root"
            disabled={false}
            onBlur={[Function]}
            onContextMenu={[Function]}
            onDragLeave={[Function]}
            onFocus={[Function]}
            onKeyDown={[Function]}
            onKeyUp={[Function]}
            onMouseDown={[Function]}
            onMouseLeave={[Function]}
            onMouseUp={[Function]}
            onTouchEnd={[Function]}
            onTouchMove={[Function]}
            onTouchStart={[Function]}
            tabIndex={0}
            type="button"
          >
            <svg
              aria-hidden={true}
              className="MuiSvgIcon-root MuiSvgIcon-fontSizeMedium css-i4bv87-MuiSvgIcon-root"
              data-testid="MenuIcon"
              focusable="false"
              viewBox="0 0 24 24"
            >
              <path
                d="M3 18h18v-2H3v2zm0-5h18v-2H3v2zm0-7v2h18V6H3z"
              />
            </svg>
          </button>
        </div>
        <div
          className="MuiGrid-root MuiGrid-item css-13i4rnv-MuiGrid-root"
        >
          <div
            className="MuiBox-root css-1i9627s"
          >
            <button
              aria-label="show 17 new notifications"
              className="MuiButtonBase-root MuiIconButton-root MuiIconButton-colorInherit MuiIconButton-sizeLarge css-1pz7awu-MuiButtonBase-root-MuiIconButton-root"
              disabled={false}
              onBlur={[Function]}
              onContextMenu={[Function]}
              onDragLeave={[Function]}
              onFocus={[Function]}
              onKeyDown={[Function]}
              onKeyUp={[Function]}
              onMouseDown={[Function]}
              onMouseLeave={[Function]}
              onMouseUp={[Function]}
              onTouchEnd={[Function]}
              onTouchMove={[Function]}
              onTouchStart={[Function]}
              tabIndex={0}
              type="button"
            >
              <span
                className="MuiBadge-root css-1c32n2y-MuiBadge-root"
              >
                <svg
                  aria-hidden={true}
                  className="MuiSvgIcon-root MuiSvgIcon-fontSizeMedium css-i4bv87-MuiSvgIcon-root"
                  data-testid="NotificationsIcon"
                  focusable="false"
                  viewBox="0 0 24 24"
                >
                  <path
                    d="M12 22c1.1 0 2-.9 2-2h-4c0 1.1.89 2 2 2zm6-6v-5c0-3.07-1.64-5.64-4.5-6.32V4c0-.83-.67-1.5-1.5-1.5s-1.5.67-1.5 1.5v.68C7.63 5.36 6 7.92 6 11v5l-2 2v1h16v-1l-2-2z"
                  />
                </svg>
                <span
                  className="MuiBadge-badge MuiBadge-standard MuiBadge-anchorOriginTopRight MuiBadge-anchorOriginTopRightRectangular MuiBadge-overlapRectangular MuiBadge-colorError css-1qfcmux-MuiBadge-badge"
                >
                  17
                </span>
              </span>
            </button>
            <button
              aria-haspopup="true"
              aria-label="account of current user"
              className="MuiButtonBase-root MuiIconButton-root MuiIconButton-colorInherit MuiIconButton-edgeEnd MuiIconButton-sizeLarge css-1f5y6oa-MuiButtonBase-root-MuiIconButton-root"
              disabled={false}
              onBlur={[Function]}
              onContextMenu={[Function]}
              onDragLeave={[Function]}
              onFocus={[Function]}
              onKeyDown={[Function]}
              onKeyUp={[Function]}
              onMouseDown={[Function]}
              onMouseLeave={[Function]}
              onMouseUp={[Function]}
              onTouchEnd={[Function]}
              onTouchMove={[Function]}
              onTouchStart={[Function]}
              tabIndex={0}
              type="button"
            >
              <svg
                aria-hidden={true}
                className="MuiSvgIcon-root MuiSvgIcon-fontSizeMedium css-i4bv87-MuiSvgIcon-root"
                data-testid="AccountCircleIcon"
                focusable="false"
                viewBox="0 0 24 24"
              >
                <path
                  d="M12 2C6.48 2 2 6.48 2 12s4.48 10 10 10 10-4.48 10-10S17.52 2 12 2zm0 4c1.93 0 3.5 1.57 3.5 3.5S13.93 13 12 13s-3.5-1.57-3.5-3.5S10.07 6 12 6zm0 14c-2.03 0-4.43-.82-6.14-2.88C7.55 15.8 9.68 15 12 15s4.45.8 6.14 2.12C16.43 19.18 14.03 20 12 20z"
                />
              </svg>
            </button>
          </div>
          <div
            className="MuiBox-root css-txa8za"
          >
            <button
              aria-haspopup="true"
              aria-label="show more"
              className="MuiButtonBase-root MuiIconButton-root MuiIconButton-colorInherit MuiIconButton-sizeLarge css-1pz7awu-MuiButtonBase-root-MuiIconButton-root"
              disabled={false}
              onBlur={[Function]}
              onContextMenu={[Function]}
              onDragLeave={[Function]}
              onFocus={[Function]}
              onKeyDown={[Function]}
              onKeyUp={[Function]}
              onMouseDown={[Function]}
              onMouseLeave={[Function]}
              onMouseUp={[Function]}
              onTouchEnd={[Function]}
              onTouchMove={[Function]}
              onTouchStart={[Function]}
              tabIndex={0}
              type="button"
            >
              <svg
                aria-hidden={true}
                className="MuiSvgIcon-root MuiSvgIcon-fontSizeMedium css-i4bv87-MuiSvgIcon-root"
                data-testid="MoreVertIcon"
                focusable="false"
                viewBox="0 0 24 24"
              >
                <path
                  d="M12 8c1.1 0 2-.9 2-2s-.9-2-2-2-2 .9-2 2 .9 2 2 2zm0 2c-1.1 0-2 .9-2 2s.9 2 2 2 2-.9 2-2-.9-2-2-2zm0 6c-1.1 0-2 .9-2 2s.9 2 2 2 2-.9 2-2-.9-2-2-2z"
                />
              </svg>
            </button>
          </div>
        </div>
      </div>
    </div>
  </header>,
  <div
    className="MuiContainer-root MuiContainer-maxWidthLg css-y2n9xm-MuiContainer-root"
  >
    <div
      className="MuiBox-root css-0"
    >
      <div
        className="MuiBox-root css-0"
      >
        <div
          className="MuiTabs-root css-vx1r35-MuiTabs-root"
        >
          <div
            className="MuiTabs-scrollableX MuiTabs-hideScrollbar css-agdkjh-MuiTabs-scrollbarSize"
            style={
              Object {
                "height": 99,
                "overflow": "scroll",
                "position": "absolute",
                "top": -9999,
                "width": 99,
              }
            }
          />
          <div
            className="MuiTabs-scroller MuiTabs-hideScrollbar MuiTabs-scrollableX css-69z67c-MuiTabs-scroller"
            style={
              Object {
                "marginBottom": -0,
                "overflow": "hidden",
              }
            }
          >
            <div
              aria-label="loans tabs"
              aria-orientation={null}
              className="MuiTabs-flexContainer css-heg063-MuiTabs-flexContainer"
              onKeyDown={[Function]}
              role="tablist"
            >
              <button
                aria-controls="loans-tabpanel-0"
                aria-selected={true}
                className="MuiButtonBase-root MuiTab-root MuiTab-textColorSecondary Mui-selected css-1gnx7aj-MuiButtonBase-root-MuiTab-root"
                disabled={false}
                id="loans-tab-0"
                onBlur={[Function]}
                onClick={[Function]}
                onContextMenu={[Function]}
                onDragLeave={[Function]}
                onFocus={[Function]}
                onKeyDown={[Function]}
                onKeyUp={[Function]}
                onMouseDown={[Function]}
                onMouseLeave={[Function]}
                onMouseUp={[Function]}
                onTouchEnd={[Function]}
                onTouchMove={[Function]}
                onTouchStart={[Function]}
                role="tab"
                tabIndex={0}
                type="button"
              >
                <div
                  className="MuiBox-root css-10iahqc"
                >
                  approved loans
                   
                  <span
                    className="MuiBox-root css-1nl30wg"
                  >
                    1
                  </span>
                </div>
                <span
                  className="MuiTabs-indicator css-1d6yefg-MuiTabs-indicator"
                  style={Object {}}
                />
              </button>
              <button
                aria-controls="loans-tabpanel-1"
                aria-selected={false}
                className="MuiButtonBase-root MuiTab-root MuiTab-textColorSecondary css-1gnx7aj-MuiButtonBase-root-MuiTab-root"
                disabled={false}
                id="loans-tab-1"
                onBlur={[Function]}
                onClick={[Function]}
                onContextMenu={[Function]}
                onDragLeave={[Function]}
                onFocus={[Function]}
                onKeyDown={[Function]}
                onKeyUp={[Function]}
                onMouseDown={[Function]}
                onMouseLeave={[Function]}
                onMouseUp={[Function]}
                onTouchEnd={[Function]}
                onTouchMove={[Function]}
                onTouchStart={[Function]}
                role="tab"
                tabIndex={-1}
                type="button"
              >
                <div
                  className="MuiBox-root css-10iahqc"
                >
                  requests
                   
                  <span
                    className="MuiBox-root css-1nl30wg"
                  >
                    2
                  </span>
                </div>
              </button>
              <button
                aria-controls="loans-tabpanel-2"
                aria-selected={false}
                className="MuiButtonBase-root MuiTab-root MuiTab-textColorSecondary css-1gnx7aj-MuiButtonBase-root-MuiTab-root"
                disabled={false}
                id="loans-tab-2"
                onBlur={[Function]}
                onClick={[Function]}
                onContextMenu={[Function]}
                onDragLeave={[Function]}
                onFocus={[Function]}
                onKeyDown={[Function]}
                onKeyUp={[Function]}
                onMouseDown={[Function]}
                onMouseLeave={[Function]}
                onMouseUp={[Function]}
                onTouchEnd={[Function]}
                onTouchMove={[Function]}
                onTouchStart={[Function]}
                role="tab"
                tabIndex={-1}
                type="button"
              >
                <div
                  className="MuiBox-root css-10iahqc"
                >
                  active loans
                   
                  <span
                    className="MuiBox-root css-1nl30wg"
                  >
                    1
                  </span>
                </div>
              </button>
              <button
                aria-controls="loans-tabpanel-3"
                aria-selected={false}
                className="MuiButtonBase-root MuiTab-root MuiTab-textColorSecondary css-1gnx7aj-MuiButtonBase-root-MuiTab-root"
                disabled={false}
                id="loans-tab-3"
                onBlur={[Function]}
                onClick={[Function]}
                onContextMenu={[Function]}
                onDragLeave={[Function]}
                onFocus={[Function]}
                onKeyDown={[Function]}
                onKeyUp={[Function]}
                onMouseDown={[Function]}
                onMouseLeave={[Function]}
                onMouseUp={[Function]}
                onTouchEnd={[Function]}
                onTouchMove={[Function]}
                onTouchStart={[Function]}
                role="tab"
                tabIndex={-1}
                type="button"
              >
                <div
                  className="MuiBox-root css-10iahqc"
                >
                  closed loans
                   
                  <span
                    className="MuiBox-root css-1nl30wg"
                  >
                    1
                  </span>
                </div>
              </button>
              <button
                aria-controls="loans-tabpanel-4"
                aria-selected={false}
                className="MuiButtonBase-root MuiTab-root MuiTab-textColorSecondary css-1gnx7aj-MuiButtonBase-root-MuiTab-root"
                disabled={false}
                id="loans-tab-4"
                onBlur={[Function]}
                onClick={[Function]}
                onContextMenu={[Function]}
                onDragLeave={[Function]}
                onFocus={[Function]}
                onKeyDown={[Function]}
                onKeyUp={[Function]}
                onMouseDown={[Function]}
                onMouseLeave={[Function]}
                onMouseUp={[Function]}
                onTouchEnd={[Function]}
                onTouchMove={[Function]}
                onTouchStart={[Function]}
                role="tab"
                tabIndex={-1}
                type="button"
              >
                <div
                  className="MuiBox-root css-10iahqc"
                >
                  rejected loans
                   
                  <span
                    className="MuiBox-root css-1nl30wg"
                  >
                    1
                  </span>
                </div>
              </button>
            </div>
          </div>
        </div>
      </div>
      <div
        aria-labelledby="loans-tab-0"
        hidden={false}
        id="loans-tabpanel-0"
        role="tabpanel"
      >
        <div
          className="MuiBox-root css-38zrbw"
        >
          <div
            className="MuiBox-root css-3mwefb"
          >
            Financing
          </div>
          <div
            className="MuiBox-root css-130f8nx"
          >
            <div
              className="MuiPaper-root MuiPaper-elevation MuiPaper-rounded MuiPaper-elevation0 MuiCard-root css-pskokq-MuiPaper-root-MuiCard-root"
            >
              <div
                className="MuiGrid-root MuiGrid-container css-11lq3yg-MuiGrid-root"
              >
                <div
                  className="MuiGrid-root MuiGrid-item MuiGrid-grid-xs-2 css-mtahof-MuiGrid-root"
                >
                  Loan ID
                </div>
                <div
                  className="MuiGrid-root MuiGrid-item MuiGrid-grid-xs-2 css-mtahof-MuiGrid-root"
                >
                  <div
                    className="MuiBox-root css-s2uf1z"
                  >
                    Requested
                  </div>
                </div>
                <div
                  className="MuiGrid-root MuiGrid-item MuiGrid-grid-xs-2 css-mtahof-MuiGrid-root"
                >
                  <div
                    className="MuiBox-root css-s2uf1z"
                  >
                    Duration
                  </div>
                </div>
                <div
                  className="MuiGrid-root MuiGrid-item MuiGrid-grid-xs-3 css-ywj0sc-MuiGrid-root"
                >
                  <div
                    className="MuiBox-root css-s2uf1z"
                  >
                    Amount
                  </div>
                </div>
                <div
                  className="MuiGrid-root MuiGrid-item MuiGrid-grid-xs-3 css-ywj0sc-MuiGrid-root"
                >
                  <div
                    className="MuiBox-root css-s2uf1z"
                  >
                    Status
                  </div>
                </div>
              </div>
            </div>
          </div>
          <div
            className="MuiPaper-root MuiPaper-elevation MuiPaper-rounded MuiPaper-elevation1 MuiCard-root css-1jtrawv-MuiPaper-root-MuiCard-root"
          >
            <div
              className="MuiGrid-root MuiGrid-container css-1k4peng-MuiGrid-root"
            >
              <div
                className="MuiGrid-root MuiGrid-item MuiGrid-grid-xs-7 MuiGrid-grid-sm-2 css-hluk7p-MuiGrid-root"
              >
                <span
                  className="MuiBox-root css-1kr37q"
                >
                  <div
                    className="MuiBox-root css-130f8nx"
                  >
                    FL
                  </div>
                  G81FV
                </span>
                <div
                  className="MuiBox-root css-10q9jzs"
                >
                  <span
                    className="waiting-approval MuiBox-root css-ofl3x1"
                  >
                    waiting approval
                  </span>
                </div>
                <div
                  className="MuiBox-root css-8s36tx"
                >
                  Nancy Logan
                </div>
                <div
                  className="MuiBox-root css-0"
                >
                  <div
                    className="MuiBox-root css-19835ap"
                  >
                    14 Sep 2021
                  </div>
                </div>
              </div>
              <div
                className="MuiGrid-root MuiGrid-item MuiGrid-grid-xs-12 MuiGrid-grid-sm-2 css-q345bg-MuiGrid-root"
              >
                <div
                  className="MuiBox-root css-1brsu4m"
                >
                  14 Sep 2021
                </div>
              </div>
              <div
                className="MuiGrid-root MuiGrid-item MuiGrid-grid-xs-true MuiGrid-grid-sm-2 css-cwfh4m-MuiGrid-root"
              >
                <div
                  className="MuiBox-root css-1brsu4m"
                >
                  1 months
                </div>
              </div>
              <div
                className="MuiGrid-root MuiGrid-item MuiGrid-grid-xs-5 MuiGrid-grid-sm-3 css-9ens6t-MuiGrid-root"
              >
                <div
                  className="MuiBox-root css-1pv62o2"
                >
                  <div
                    className="MuiBox-root css-1nx5mux"
                  >
                    1.000,00
                     €
                  </div>
                  <div
                    className="MuiBox-root css-0"
                  >
                    <div
                      className="MuiBox-root css-pa16y2"
                    >
                      for 
                      1 months
                    </div>
                  </div>
                  <div
                    className="MuiBox-root css-som8ut"
                  >
                    1.050,00€ / month
                  </div>
                </div>
              </div>
              <div
                className="MuiGrid-root MuiGrid-item MuiGrid-grid-xs-12 MuiGrid-grid-sm-3 css-1vpaooc-MuiGrid-root"
              >
                <div
                  className="MuiBox-root css-s2uf1z"
                >
                  <span
                    className="waiting-approval MuiBox-root css-10nhrtd"
                  >
                    waiting approval
                  </span>
                </div>
              </div>
            </div>
          </div>
        </div>
      </div>
      <div
        aria-labelledby="loans-tab-1"
        hidden={true}
        id="loans-tabpanel-1"
        role="tabpanel"
      />
      <div
        aria-labelledby="loans-tab-2"
        hidden={true}
        id="loans-tabpanel-2"
        role="tabpanel"
      />
      <div
        aria-labelledby="loans-tab-3"
        hidden={true}
        id="loans-tabpanel-3"
        role="tabpanel"
      />
      <div
        aria-labelledby="loans-tab-4"
        hidden={true}
        id="loans-tabpanel-4"
        role="tabpanel"
      />
    </div>
  </div>,
]
`;
